// Jest Snapshot v1, https://goo.gl/fbAQLP

exports[`ModalViewComponent should match basic snapshot 1`] = `
<cdx-modal-view
  __ngContext__={[Function LRootView]}
  document={[Function Document]}
  modalState={[Function Number]}
  router={[Function Router]}
  routerOutlet={[Function RouterOutlet]}
  scrollStrategy={[Function BlockScrollStrategy]}
  viewportRuler={[Function ViewportRuler]}
>
  <router-outlet
    class="ng-tns-c29-0"
    name="modal"
  />
</cdx-modal-view>
`;
